// Jest Snapshot v1, https://goo.gl/fbAQLP

exports[`ConfettiOverlay unit test Should pass health-check test 1`] = `
<div class="wrapper">
  <div class="confetti-1"></div>
  <div class="confetti-2"></div>
  <div class="confetti-3"></div>
  <div class="confetti-4"></div>
  <div class="confetti-5"></div>
  <div class="confetti-6"></div>
  <div class="confetti-7"></div>
  <div class="confetti-8"></div>
  <div class="confetti-9"></div>
  <div class="confetti-10"></div>
  <div class="confetti-11"></div>
  <div class="confetti-12"></div>
  <div class="confetti-13"></div>
  <div class="confetti-14"></div>
  <div class="confetti-15"></div>
  <div class="confetti-16"></div>
  <div class="confetti-17"></div>
  <div class="confetti-18"></div>
  <div class="confetti-19"></div>
  <div class="confetti-20"></div>
  <div class="confetti-21"></div>
  <div class="confetti-22"></div>
  <div class="confetti-23"></div>
  <div class="confetti-24"></div>
  <div class="confetti-25"></div>
  <div class="confetti-26"></div>
  <div class="confetti-27"></div>
  <div class="confetti-28"></div>
  <div class="confetti-29"></div>
  <div class="confetti-30"></div>
  <div class="confetti-31"></div>
  <div class="confetti-32"></div>
  <div class="confetti-33"></div>
  <div class="confetti-34"></div>
  <div class="confetti-35"></div>
  <div class="confetti-36"></div>
  <div class="confetti-37"></div>
  <div class="confetti-38"></div>
  <div class="confetti-39"></div>
  <div class="confetti-40"></div>
  <div class="confetti-41"></div>
  <div class="confetti-42"></div>
  <div class="confetti-43"></div>
  <div class="confetti-44"></div>
  <div class="confetti-45"></div>
  <div class="confetti-46"></div>
  <div class="confetti-47"></div>
  <div class="confetti-48"></div>
  <div class="confetti-49"></div>
  <div class="confetti-50"></div>
  <div class="confetti-51"></div>
  <div class="confetti-52"></div>
  <div class="confetti-53"></div>
  <div class="confetti-54"></div>
  <div class="confetti-55"></div>
  <div class="confetti-56"></div>
  <div class="confetti-57"></div>
  <div class="confetti-58"></div>
  <div class="confetti-59"></div>
  <div class="confetti-60"></div>
  <div class="confetti-61"></div>
  <div class="confetti-62"></div>
  <div class="confetti-63"></div>
  <div class="confetti-64"></div>
  <div class="confetti-65"></div>
  <div class="confetti-66"></div>
  <div class="confetti-67"></div>
  <div class="confetti-68"></div>
  <div class="confetti-69"></div>
  <div class="confetti-70"></div>
  <div class="confetti-71"></div>
  <div class="confetti-72"></div>
  <div class="confetti-73"></div>
  <div class="confetti-74"></div>
  <div class="confetti-75"></div>
  <div class="confetti-76"></div>
  <div class="confetti-77"></div>
  <div class="confetti-78"></div>
  <div class="confetti-79"></div>
  <div class="confetti-80"></div>
</div>
`;
